./vam_test_tbz
./vam_test_tbz/README.markdown
./vam_test_tbz/addons
./vam_test_tbz/archive
./vam_test_tbz/archive/vam_test_tbz.tar.bz2
./vam_test_tbz/autoload
./vam_test_tbz/autoload/frawor.vim
./vam_test_tbz/doc
./vam_test_tbz/doc/FWC.txt
./vam_test_tbz/doc/frawor.txt
./vam_test_tbz/doc/oop.txt
./vam_test_tbz/doc/tags
./vam_test_tbz/doc/yaml.txt
./vam_test_tbz/plugin
./vam_test_tbz/plugin/frawor
./vam_test_tbz/plugin/frawor/autocommands.vim
./vam_test_tbz/plugin/frawor/base64.vim
./vam_test_tbz/plugin/frawor/checks.vim
./vam_test_tbz/plugin/frawor/commands.vim
./vam_test_tbz/plugin/frawor/decorators
./vam_test_tbz/plugin/frawor/decorators/altervars.vim
./vam_test_tbz/plugin/frawor/decorators.vim
./vam_test_tbz/plugin/frawor/functions.vim
./vam_test_tbz/plugin/frawor/fwc
./vam_test_tbz/plugin/frawor/fwc/compiler.vim
./vam_test_tbz/plugin/frawor/fwc/constructor.vim
./vam_test_tbz/plugin/frawor/fwc/intfuncs.vim
./vam_test_tbz/plugin/frawor/fwc/parser.vim
./vam_test_tbz/plugin/frawor/fwc/topconstructs.vim
./vam_test_tbz/plugin/frawor/fwc.vim
./vam_test_tbz/plugin/frawor/history.vim
./vam_test_tbz/plugin/frawor/lua.vim
./vam_test_tbz/plugin/frawor/mappings.vim
./vam_test_tbz/plugin/frawor/options.vim
./vam_test_tbz/plugin/frawor/os.vim
./vam_test_tbz/plugin/frawor/perl.vim
./vam_test_tbz/plugin/frawor/python.vim
./vam_test_tbz/plugin/frawor/resources.vim
./vam_test_tbz/plugin/frawor/ruby.vim
./vam_test_tbz/plugin/frawor/signs.vim
./vam_test_tbz/plugin/frawor/table.vim
./vam_test_tbz/plugin/frawor/tcl.vim
./vam_test_tbz/plugin/frawor.vim
./vam_test_tbz/plugin/oop.vim
./vam_test_tbz/plugin/yaml.vim
./vam_test_tbz/templates
./vam_test_tbz/templates/oneload-frawor-plugin.vim
./vam_test_tbz/version