./vam_test_tar
./vam_test_tar/archive
./vam_test_tar/archive/vam_test_tar.tar
./vam_test_tar/autoload
./vam_test_tar/autoload/frawor.vim
./vam_test_tar/doc
./vam_test_tar/doc/oop.txt
./vam_test_tar/doc/tags
./vam_test_tar/plugin
./vam_test_tar/plugin/frawor
./vam_test_tar/plugin/frawor/autocommands.vim
./vam_test_tar/plugin/frawor/checks.vim
./vam_test_tar/plugin/frawor/decorators
./vam_test_tar/plugin/frawor/decorators/altervars.vim
./vam_test_tar/plugin/frawor/decorators.vim
./vam_test_tar/plugin/frawor/functions.vim
./vam_test_tar/plugin/frawor/fwc
./vam_test_tar/plugin/frawor/fwc/compiler.vim
./vam_test_tar/plugin/frawor/fwc/constructor.vim
./vam_test_tar/plugin/frawor/fwc/intfuncs.vim
./vam_test_tar/plugin/frawor/fwc/parser.vim
./vam_test_tar/plugin/frawor/fwc/topconstructs.vim
./vam_test_tar/plugin/frawor/fwc.vim
./vam_test_tar/plugin/frawor/os.vim
./vam_test_tar/plugin/frawor/resources.vim
./vam_test_tar/plugin/frawor/signs.vim
./vam_test_tar/plugin/frawor.vim
./vam_test_tar/plugin/oop.vim
./vam_test_tar/test
./vam_test_tar/test/rtp
./vam_test_tar/test/rtp/plugin
./vam_test_tar/test/rtp/plugin/test1.vim
./vam_test_tar/test/test.vim
./vam_test_tar/test/test1.in
./vam_test_tar/test/test1.ok
./vam_test_tar/test/vimrc
./vam_test_tar/version
./vam_test_tar/vimoop-addon-info.txt