./vam_test_tgz2
./vam_test_tgz2/README.markdown
./vam_test_tgz2/addons
./vam_test_tgz2/archive
./vam_test_tgz2/archive/vam_test_tgz_2.tgz
./vam_test_tgz2/autoload
./vam_test_tgz2/autoload/frawor.vim
./vam_test_tgz2/doc
./vam_test_tgz2/doc/FWC.txt
./vam_test_tgz2/doc/frawor.txt
./vam_test_tgz2/doc/tags
./vam_test_tgz2/plugin
./vam_test_tgz2/plugin/frawor
./vam_test_tgz2/plugin/frawor/autocommands.vim
./vam_test_tgz2/plugin/frawor/base64.vim
./vam_test_tgz2/plugin/frawor/checks.vim
./vam_test_tgz2/plugin/frawor/commands.vim
./vam_test_tgz2/plugin/frawor/decorators
./vam_test_tgz2/plugin/frawor/decorators/altervars.vim
./vam_test_tgz2/plugin/frawor/decorators.vim
./vam_test_tgz2/plugin/frawor/functions.vim
./vam_test_tgz2/plugin/frawor/fwc
./vam_test_tgz2/plugin/frawor/fwc/compiler.vim
./vam_test_tgz2/plugin/frawor/fwc/constructor.vim
./vam_test_tgz2/plugin/frawor/fwc/intfuncs.vim
./vam_test_tgz2/plugin/frawor/fwc/parser.vim
./vam_test_tgz2/plugin/frawor/fwc/topconstructs.vim
./vam_test_tgz2/plugin/frawor/fwc.vim
./vam_test_tgz2/plugin/frawor/lua.vim
./vam_test_tgz2/plugin/frawor/mappings.vim
./vam_test_tgz2/plugin/frawor/options.vim
./vam_test_tgz2/plugin/frawor/os.vim
./vam_test_tgz2/plugin/frawor/perl.vim
./vam_test_tgz2/plugin/frawor/python.vim
./vam_test_tgz2/plugin/frawor/resources.vim
./vam_test_tgz2/plugin/frawor/ruby.vim
./vam_test_tgz2/plugin/frawor/signs.vim
./vam_test_tgz2/plugin/frawor/table.vim
./vam_test_tgz2/plugin/frawor/tcl.vim
./vam_test_tgz2/plugin/frawor.vim
./vam_test_tgz2/templates
./vam_test_tgz2/templates/oneload-frawor-plugin.vim
./vam_test_tgz2/version