./vam_test_zip
./vam_test_zip/archive
./vam_test_zip/archive/vam_test_zip.zip
./vam_test_zip/autoload
./vam_test_zip/autoload/frawor.vim
./vam_test_zip/doc
./vam_test_zip/doc/json.rux
./vam_test_zip/doc/json.txt
./vam_test_zip/doc/tags
./vam_test_zip/doc/tags-ru
./vam_test_zip/jsonvim-addon-info.txt
./vam_test_zip/plugin
./vam_test_zip/plugin/json.vim
./vam_test_zip/test
./vam_test_zip/test/constants-nopython.ok
./vam_test_zip/test/constants.in
./vam_test_zip/test/constants.ok
./vam_test_zip/test/dump-nopython.ok
./vam_test_zip/test/dump.in
./vam_test_zip/test/dump.ok
./vam_test_zip/test/file-nopython.ok
./vam_test_zip/test/file.in
./vam_test_zip/test/file.ok
./vam_test_zip/test/gentests-nopython.zsh
./vam_test_zip/test/list-nopython.ok
./vam_test_zip/test/list.in
./vam_test_zip/test/list.json
./vam_test_zip/test/list.ok
./vam_test_zip/test/number-nopython.ok
./vam_test_zip/test/number.in
./vam_test_zip/test/number.ok
./vam_test_zip/test/object-nopython.ok
./vam_test_zip/test/object.in
./vam_test_zip/test/object.ok
./vam_test_zip/test/string-nopython.ok
./vam_test_zip/test/string.in
./vam_test_zip/test/string.ok
./vam_test_zip/test/vimrc
./vam_test_zip/version