./vam_test_archive_name
./vam_test_archive_name/README.markdown
./vam_test_archive_name/addons
./vam_test_archive_name/archive
./vam_test_archive_name/archive/vam_test_archive_name.tar.gz
./vam_test_archive_name/autoload
./vam_test_archive_name/autoload/frawor.vim
./vam_test_archive_name/doc
./vam_test_archive_name/doc/FWC.txt
./vam_test_archive_name/doc/frawor.txt
./vam_test_archive_name/doc/tags
./vam_test_archive_name/plugin
./vam_test_archive_name/plugin/frawor
./vam_test_archive_name/plugin/frawor/autocommands.vim
./vam_test_archive_name/plugin/frawor/base64.vim
./vam_test_archive_name/plugin/frawor/checks.vim
./vam_test_archive_name/plugin/frawor/commands.vim
./vam_test_archive_name/plugin/frawor/decorators
./vam_test_archive_name/plugin/frawor/decorators/altervars.vim
./vam_test_archive_name/plugin/frawor/decorators.vim
./vam_test_archive_name/plugin/frawor/functions.vim
./vam_test_archive_name/plugin/frawor/fwc
./vam_test_archive_name/plugin/frawor/fwc/compiler.vim
./vam_test_archive_name/plugin/frawor/fwc/constructor.vim
./vam_test_archive_name/plugin/frawor/fwc/intfuncs.vim
./vam_test_archive_name/plugin/frawor/fwc/parser.vim
./vam_test_archive_name/plugin/frawor/fwc/topconstructs.vim
./vam_test_archive_name/plugin/frawor/fwc.vim
./vam_test_archive_name/plugin/frawor/lua.vim
./vam_test_archive_name/plugin/frawor/mappings.vim
./vam_test_archive_name/plugin/frawor/options.vim
./vam_test_archive_name/plugin/frawor/os.vim
./vam_test_archive_name/plugin/frawor/perl.vim
./vam_test_archive_name/plugin/frawor/python.vim
./vam_test_archive_name/plugin/frawor/resources.vim
./vam_test_archive_name/plugin/frawor/ruby.vim
./vam_test_archive_name/plugin/frawor/signs.vim
./vam_test_archive_name/plugin/frawor/table.vim
./vam_test_archive_name/plugin/frawor/tcl.vim
./vam_test_archive_name/plugin/frawor.vim
./vam_test_archive_name/templates
./vam_test_archive_name/templates/oneload-frawor-plugin.vim
./vam_test_archive_name/version