./vam_test_tgz
./vam_test_tgz/README.markdown
./vam_test_tgz/addons
./vam_test_tgz/archive
./vam_test_tgz/archive/vam_test_tgz.tar.gz
./vam_test_tgz/autoload
./vam_test_tgz/autoload/frawor.vim
./vam_test_tgz/doc
./vam_test_tgz/doc/FWC.txt
./vam_test_tgz/doc/frawor.txt
./vam_test_tgz/doc/tags
./vam_test_tgz/plugin
./vam_test_tgz/plugin/frawor
./vam_test_tgz/plugin/frawor/autocommands.vim
./vam_test_tgz/plugin/frawor/base64.vim
./vam_test_tgz/plugin/frawor/checks.vim
./vam_test_tgz/plugin/frawor/commands.vim
./vam_test_tgz/plugin/frawor/decorators
./vam_test_tgz/plugin/frawor/decorators/altervars.vim
./vam_test_tgz/plugin/frawor/decorators.vim
./vam_test_tgz/plugin/frawor/functions.vim
./vam_test_tgz/plugin/frawor/fwc
./vam_test_tgz/plugin/frawor/fwc/compiler.vim
./vam_test_tgz/plugin/frawor/fwc/constructor.vim
./vam_test_tgz/plugin/frawor/fwc/intfuncs.vim
./vam_test_tgz/plugin/frawor/fwc/parser.vim
./vam_test_tgz/plugin/frawor/fwc/topconstructs.vim
./vam_test_tgz/plugin/frawor/fwc.vim
./vam_test_tgz/plugin/frawor/history.vim
./vam_test_tgz/plugin/frawor/lua.vim
./vam_test_tgz/plugin/frawor/mappings.vim
./vam_test_tgz/plugin/frawor/options.vim
./vam_test_tgz/plugin/frawor/os.vim
./vam_test_tgz/plugin/frawor/perl.vim
./vam_test_tgz/plugin/frawor/python.vim
./vam_test_tgz/plugin/frawor/resources.vim
./vam_test_tgz/plugin/frawor/ruby.vim
./vam_test_tgz/plugin/frawor/signs.vim
./vam_test_tgz/plugin/frawor/table.vim
./vam_test_tgz/plugin/frawor/tcl.vim
./vam_test_tgz/plugin/frawor.vim
./vam_test_tgz/templates
./vam_test_tgz/templates/oneload-frawor-plugin.vim
./vam_test_tgz/version